
> frontend@1.0.0 build
> vite build

[36mvite v5.4.21 [32mbuilding for production...[36m[39m
transforming...
npm : 
At line:1 char:1
+ npm run build > build_error.log 2>&1
+ ~~~~~~~~~~~~~~~~~~~~~~~~~~~~~~~~~~~~
    + CategoryInfo          : NotSpecified: (:String) [], RemoteException
    + FullyQualifiedErrorId : NativeCommandError
 
/assets/index-DPTaatGg.css doesn't exist at build time, it will remain unchanged to be 
resolved at runtime

../css/theme.css doesn't exist at build time, it will remain unchanged to be resolved 
at runtime

worker-dashboard-styles.css doesn't exist at build time, it will remain unchanged to be 
resolved at runtime
[32mΓ£ô[39m 53 modules transformed.
[31mx[39m Build failed in 276ms
[31merror during build:
[31mCould not resolve "../js/utils.js" from "pages/auth/worker-verification.html"[31m
file: [36mC:/Users/hp/Downloads/poison/cynide/frontend/pages/auth/worker-verification.h
tml[31m
    at getRollupError (file:///C:/Users/hp/Downloads/poison/cynide/frontend/node_modules
/rollup/dist/es/shared/parseAst.js:402:41)
    at error (file:///C:/Users/hp/Downloads/poison/cynide/frontend/node_modules/rollup/d
ist/es/shared/parseAst.js:398:42)
    at ModuleLoader.handleInvalidResolvedId (file:///C:/Users/hp/Downloads/poison/cynide
/frontend/node_modules/rollup/dist/es/shared/node-entry.js:21684:24)
    at file:///C:/Users/hp/Downloads/poison/cynide/frontend/node_modules/rollup/dist/es/
shared/node-entry.js:21644:26[39m
