[dotenv@17.2.3] injecting env (4) from .env -- tip: Γ£à audit secrets and track compliance: https://dotenvx.com/ops
Testing model: gemini-1.5-flash
node : Failed with gemini-1.5-flash: [GoogleGenerativeAI 
Error]: Error fetching from https://generativelanguage.google
apis.com/v1beta/models/gemini-1.5-flash:generateContent: 
[404 Not Found] models/gemini-1.5-flash is not found for API 
version v1beta, or is not supported for generateContent. 
Call ListModels to see the list of available models and 
their supported methods.
At line:1 char:1
+ node test-ai.js > test-output.txt 2>&1
+ ~~~~~~~~~~~~~~~~~~~~~~~~~~~~~~~~~~~~~~
    + CategoryInfo          : NotSpecified: (Failed with gem 
   ...ported methods.:String) [], RemoteException
    + FullyQualifiedErrorId : NativeCommandError
 
Testing model: gemini-1.0-pro
Failed with gemini-1.0-pro: [GoogleGenerativeAI Error]: 
Error fetching from https://generativelanguage.googleapis.com
/v1beta/models/gemini-1.0-pro:generateContent: [404 Not 
Found] models/gemini-1.0-pro is not found for API version 
v1beta, or is not supported for generateContent. Call 
ListModels to see the list of available models and their 
supported methods.
